  Determining projects to restore...
  All projects are up-to-date for restore.
  FileManagementSystem.Domain -> C:\Users\ofeki\Desktop\OfekLabs\Horizon\horizon-fms\horizon-fms\FileManagementSystem.Domain\bin\Debug\net8.0\FileManagementSystem.Domain.dll
  FileManagementSystem.Application -> C:\Users\ofeki\Desktop\OfekLabs\Horizon\horizon-fms\horizon-fms\FileManagementSystem.Application\bin\Debug\net8.0\FileManagementSystem.Application.dll
  FileManagementSystem.Infrastructure -> C:\Users\ofeki\Desktop\OfekLabs\Horizon\horizon-fms\horizon-fms\FileManagementSystem.Infrastructure\bin\Debug\net8.0\FileManagementSystem.Infrastructure.dll
C:\Users\ofeki\Desktop\OfekLabs\Horizon\horizon-fms\horizon-fms\FileManagementSystem.API\Controllers\FilesController.cs(6,32): error CS0234: The type or namespace name 'Services' does not exist in the namespace 'FileManagementSystem.API' (are you missing an assembly reference?) [C:\Users\ofeki\Desktop\OfekLabs\Horizon\horizon-fms\horizon-fms\FileManagementSystem.API\FileManagementSystem.API.csproj]
C:\Users\ofeki\Desktop\OfekLabs\Horizon\horizon-fms\horizon-fms\FileManagementSystem.API\Controllers\FilesController.cs(13,2): error CS0246: The type or namespace name 'ApiVersionAttribute' could not be found (are you missing a using directive or an assembly reference?) [C:\Users\ofeki\Desktop\OfekLabs\Horizon\horizon-fms\horizon-fms\FileManagementSystem.API\FileManagementSystem.API.csproj]
C:\Users\ofeki\Desktop\OfekLabs\Horizon\horizon-fms\horizon-fms\FileManagementSystem.API\Controllers\FilesController.cs(13,2): error CS0246: The type or namespace name 'ApiVersion' could not be found (are you missing a using directive or an assembly reference?) [C:\Users\ofeki\Desktop\OfekLabs\Horizon\horizon-fms\horizon-fms\FileManagementSystem.API\FileManagementSystem.API.csproj]
C:\Users\ofeki\Desktop\OfekLabs\Horizon\horizon-fms\horizon-fms\FileManagementSystem.API\Controllers\FoldersController.cs(9,2): error CS0246: The type or namespace name 'ApiVersionAttribute' could not be found (are you missing a using directive or an assembly reference?) [C:\Users\ofeki\Desktop\OfekLabs\Horizon\horizon-fms\horizon-fms\FileManagementSystem.API\FileManagementSystem.API.csproj]
C:\Users\ofeki\Desktop\OfekLabs\Horizon\horizon-fms\horizon-fms\FileManagementSystem.API\Controllers\FoldersController.cs(9,2): error CS0246: The type or namespace name 'ApiVersion' could not be found (are you missing a using directive or an assembly reference?) [C:\Users\ofeki\Desktop\OfekLabs\Horizon\horizon-fms\horizon-fms\FileManagementSystem.API\FileManagementSystem.API.csproj]

Build FAILED.

C:\Users\ofeki\Desktop\OfekLabs\Horizon\horizon-fms\horizon-fms\FileManagementSystem.API\Controllers\FilesController.cs(6,32): error CS0234: The type or namespace name 'Services' does not exist in the namespace 'FileManagementSystem.API' (are you missing an assembly reference?) [C:\Users\ofeki\Desktop\OfekLabs\Horizon\horizon-fms\horizon-fms\FileManagementSystem.API\FileManagementSystem.API.csproj]
C:\Users\ofeki\Desktop\OfekLabs\Horizon\horizon-fms\horizon-fms\FileManagementSystem.API\Controllers\FilesController.cs(13,2): error CS0246: The type or namespace name 'ApiVersionAttribute' could not be found (are you missing a using directive or an assembly reference?) [C:\Users\ofeki\Desktop\OfekLabs\Horizon\horizon-fms\horizon-fms\FileManagementSystem.API\FileManagementSystem.API.csproj]
C:\Users\ofeki\Desktop\OfekLabs\Horizon\horizon-fms\horizon-fms\FileManagementSystem.API\Controllers\FilesController.cs(13,2): error CS0246: The type or namespace name 'ApiVersion' could not be found (are you missing a using directive or an assembly reference?) [C:\Users\ofeki\Desktop\OfekLabs\Horizon\horizon-fms\horizon-fms\FileManagementSystem.API\FileManagementSystem.API.csproj]
C:\Users\ofeki\Desktop\OfekLabs\Horizon\horizon-fms\horizon-fms\FileManagementSystem.API\Controllers\FoldersController.cs(9,2): error CS0246: The type or namespace name 'ApiVersionAttribute' could not be found (are you missing a using directive or an assembly reference?) [C:\Users\ofeki\Desktop\OfekLabs\Horizon\horizon-fms\horizon-fms\FileManagementSystem.API\FileManagementSystem.API.csproj]
C:\Users\ofeki\Desktop\OfekLabs\Horizon\horizon-fms\horizon-fms\FileManagementSystem.API\Controllers\FoldersController.cs(9,2): error CS0246: The type or namespace name 'ApiVersion' could not be found (are you missing a using directive or an assembly reference?) [C:\Users\ofeki\Desktop\OfekLabs\Horizon\horizon-fms\horizon-fms\FileManagementSystem.API\FileManagementSystem.API.csproj]
    0 Warning(s)
    5 Error(s)

Time Elapsed 00:00:01.78
